::1 - - [12/Apr/2025:16:27:08 +0000] "POST /api/posts/67fa895564f7c0533772f1b2/comments HTTP/1.1" 200 - "-" "PostmanRuntime/7.43.3"
::1 - - [12/Apr/2025:16:27:32 +0000] "GET /api/posts HTTP/1.1" 200 1433 "-" "PostmanRuntime/7.43.3"
::1 - - [12/Apr/2025:16:28:01 +0000] "GET /api/posts HTTP/1.1" 200 1433 "-" "PostmanRuntime/7.43.3"
::1 - - [12/Apr/2025:16:29:21 +0000] "GET /api/postss HTTP/1.1" 404 149 "-" "PostmanRuntime/7.43.3"
::1 - - [12/Apr/2025:16:30:58 +0000] "GET /api/postss HTTP/1.1" 404 149 "-" "PostmanRuntime/7.43.3"
::1 - - [12/Apr/2025:16:30:59 +0000] "GET /api/postss HTTP/1.1" 404 149 "-" "PostmanRuntime/7.43.3"
::1 - - [12/Apr/2025:16:31:10 +0000] "GET /api/postss HTTP/1.1" 404 149 "-" "PostmanRuntime/7.43.3"
::1 - - [12/Apr/2025:16:35:01 +0000] "GET /api/postss HTTP/1.1" 404 149 "-" "PostmanRuntime/7.43.3"
::1 - - [12/Apr/2025:16:39:06 +0000] "GET /api/postss HTTP/1.1" 404 149 "-" "PostmanRuntime/7.43.3"
::1 - - [12/Apr/2025:16:39:11 +0000] "GET /api/postss HTTP/1.1" 404 149 "-" "PostmanRuntime/7.43.3"
::1 - - [12/Apr/2025:16:41:59 +0000] "GET /api/postss HTTP/1.1" 404 149 "-" "PostmanRuntime/7.43.3"
::1 - - [12/Apr/2025:16:42:01 +0000] "GET /api/postss HTTP/1.1" 404 149 "-" "PostmanRuntime/7.43.3"
::1 - - [12/Apr/2025:16:42:03 +0000] "GET /api/postss HTTP/1.1" 404 149 "-" "PostmanRuntime/7.43.3"
::1 - - [12/Apr/2025:16:42:04 +0000] "GET /api/postss HTTP/1.1" 404 149 "-" "PostmanRuntime/7.43.3"
::1 - - [12/Apr/2025:16:42:17 +0000] "GET /api/postssa HTTP/1.1" 404 150 "-" "PostmanRuntime/7.43.3"
::1 - - [12/Apr/2025:16:43:12 +0000] "GET /api/posts HTTP/1.1" 200 1433 "-" "PostmanRuntime/7.43.3"
::1 - - [12/Apr/2025:16:43:16 +0000] "GET /api/postss HTTP/1.1" 404 149 "-" "PostmanRuntime/7.43.3"
::1 - - [12/Apr/2025:16:46:13 +0000] "GET /api/postss HTTP/1.1" 404 149 "-" "PostmanRuntime/7.43.3"
::1 - - [12/Apr/2025:16:46:18 +0000] "GET /api/postss HTTP/1.1" 404 149 "-" "PostmanRuntime/7.43.3"
::1 - - [12/Apr/2025:16:56:36 +0000] "GET /api/postss HTTP/1.1" 404 149 "-" "PostmanRuntime/7.43.3"
::1 - - [12/Apr/2025:16:56:40 +0000] "GET /api/postss HTTP/1.1" 404 149 "-" "PostmanRuntime/7.43.3"
::1 - - [12/Apr/2025:16:57:32 +0000] "GET /api/postss HTTP/1.1" 404 149 "-" "PostmanRuntime/7.43.3"
::1 - - [12/Apr/2025:17:00:59 +0000] "GET /api/posts HTTP/1.1" 200 1433 "-" "PostmanRuntime/7.43.3"
::1 - - [12/Apr/2025:17:05:31 +0000] "GET /api/posts HTTP/1.1" 200 1085 "-" "PostmanRuntime/7.43.3"
::1 - - [12/Apr/2025:17:06:02 +0000] "GET /api/posts?page=1&limit=2 HTTP/1.1" 200 1433 "-" "PostmanRuntime/7.43.3"
::1 - - [12/Apr/2025:17:14:39 +0000] "GET /api/posts? HTTP/1.1" 200 1433 "-" "PostmanRuntime/7.43.3"
::1 - - [12/Apr/2025:17:14:43 +0000] "GET /api/posts HTTP/1.1" 200 1433 "-" "PostmanRuntime/7.43.3"
::1 - - [12/Apr/2025:17:15:21 +0000] "GET /api/posts?page=1&limit=1 HTTP/1.1" 200 1433 "-" "PostmanRuntime/7.43.3"
::1 - - [12/Apr/2025:17:17:01 +0000] "GET /api/posts HTTP/1.1" 200 1085 "-" "PostmanRuntime/7.43.3"
::1 - - [12/Apr/2025:17:17:40 +0000] "GET /api/posts?page=1&limit=2 HTTP/1.1" 200 1433 "-" "PostmanRuntime/7.43.3"
::1 - - [12/Apr/2025:17:18:17 +0000] "GET /api/posts?title=python HTTP/1.1" 200 2 "-" "PostmanRuntime/7.43.3"
::1 - - [12/Apr/2025:17:19:03 +0000] "GET /api/posts?title=%27matplotlib HTTP/1.1" 200 2 "-" "PostmanRuntime/7.43.3"
::1 - - [12/Apr/2025:17:19:06 +0000] "GET /api/posts?title=matplotlib HTTP/1.1" 200 2 "-" "PostmanRuntime/7.43.3"
::1 - - [12/Apr/2025:17:20:15 +0000] "GET /api/posts/5 HTTP/1.1" 500 127 "-" "PostmanRuntime/7.43.3"
::1 - - [12/Apr/2025:17:20:25 +0000] "POST /api/posts/5 HTTP/1.1" 404 151 "-" "PostmanRuntime/7.43.3"
::1 - - [12/Apr/2025:17:20:42 +0000] "GET /api/posts/5 HTTP/1.1" 500 127 "-" "PostmanRuntime/7.43.3"
::1 - - [12/Apr/2025:17:21:57 +0000] "GET /api/posts?title=Image HTTP/1.1" 200 349 "-" "PostmanRuntime/7.43.3"
::1 - - [12/Apr/2025:17:22:12 +0000] "GET /api/postss HTTP/1.1" 404 149 "-" "PostmanRuntime/7.43.3"
::1 - - [12/Apr/2025:17:22:20 +0000] "GET /api/posts/5 HTTP/1.1" 500 127 "-" "PostmanRuntime/7.43.3"
::1 - - [12/Apr/2025:17:26:26 +0000] "GET /api/posts/10 HTTP/1.1" 500 128 "-" "PostmanRuntime/7.43.3"
::1 - - [12/Apr/2025:17:26:34 +0000] "GET /api/postss HTTP/1.1" 404 149 "-" "PostmanRuntime/7.43.3"
::1 - - [12/Apr/2025:17:26:56 +0000] "GET /api/1 HTTP/1.1" 404 144 "-" "PostmanRuntime/7.43.3"
::1 - - [12/Apr/2025:17:27:50 +0000] "GET /api/posts/67fa8afcdb40337d016bd9f1/master HTTP/1.1" 404 180 "-" "PostmanRuntime/7.43.3"
::1 - - [12/Apr/2025:17:27:59 +0000] "GET /api/posts/67fa8afcdb40337d016bd9f1/comments HTTP/1.1" 404 182 "-" "PostmanRuntime/7.43.3"
::1 - - [12/Apr/2025:17:28:06 +0000] "GET /api/posts/67fa8afcdb40337d016bd9f1/comments HTTP/1.1" 404 182 "-" "PostmanRuntime/7.43.3"
::1 - - [12/Apr/2025:17:29:13 +0000] "GET /api/posts/67fa846899f2c03c8ad1eb91/comments HTTP/1.1" 404 182 "-" "PostmanRuntime/7.43.3"
::1 - - [12/Apr/2025:17:29:17 +0000] "POST /api/posts/67fa846899f2c03c8ad1eb91/comments HTTP/1.1" 500 107 "-" "PostmanRuntime/7.43.3"
::1 - - [12/Apr/2025:17:31:24 +0000] "POST /api/postss HTTP/1.1" 404 42 "-" "PostmanRuntime/7.43.3"
::1 - - [12/Apr/2025:21:23:45 +0000] "GET /favicon.ico HTTP/1.1" 404 42 "-" "Mozilla/5.0 (Windows NT 10.0; Win64; x64) AppleWebKit/537.36 (KHTML, like Gecko) Chrome/122.0.6261.95 Safari/537.36"
::1 - - [12/Apr/2025:21:23:45 +0000] "GET /favicon.ico HTTP/1.1" 404 42 "-" "Mozilla/5.0 (Windows NT 10.0; Win64; x64) AppleWebKit/537.36 (KHTML, like Gecko) Chrome/122.0.6261.95 Safari/537.36"
::1 - - [12/Apr/2025:21:23:45 +0000] "GET /favicon.ico HTTP/1.1" 404 42 "-" "Mozilla/5.0 (Windows NT 10.0; Win64; x64) AppleWebKit/537.36 (KHTML, like Gecko) Chrome/122.0.6261.95 Safari/537.36"
::1 - - [12/Apr/2025:21:23:45 +0000] "GET /favicon.ico HTTP/1.1" 404 42 "-" "Mozilla/5.0 (Windows NT 10.0; Win64; x64) AppleWebKit/537.36 (KHTML, like Gecko) Chrome/122.0.6261.95 Safari/537.36"
::1 - - [12/Apr/2025:21:23:45 +0000] "GET /favicon.ico HTTP/1.1" 404 42 "-" "Mozilla/5.0 (Windows NT 10.0; Win64; x64) AppleWebKit/537.36 (KHTML, like Gecko) Chrome/122.0.6261.95 Safari/537.36"
::1 - - [12/Apr/2025:21:23:45 +0000] "GET /favicon.ico HTTP/1.1" 404 42 "-" "Mozilla/5.0 (Windows NT 10.0; Win64; x64) AppleWebKit/537.36 (KHTML, like Gecko) Chrome/122.0.6261.95 Safari/537.36"
::1 - - [12/Apr/2025:21:23:45 +0000] "GET /favicon.ico HTTP/1.1" 404 42 "-" "Mozilla/5.0 (Windows NT 10.0; Win64; x64) AppleWebKit/537.36 (KHTML, like Gecko) Chrome/122.0.6261.95 Safari/537.36"
::1 - - [12/Apr/2025:21:23:45 +0000] "GET /favicon.ico HTTP/1.1" 404 42 "-" "Mozilla/5.0 (Windows NT 10.0; Win64; x64) AppleWebKit/537.36 (KHTML, like Gecko) Chrome/122.0.6261.95 Safari/537.36"
::1 - - [12/Apr/2025:21:23:45 +0000] "GET /favicon.ico HTTP/1.1" 404 42 "-" "Mozilla/5.0 (Windows NT 10.0; Win64; x64) AppleWebKit/537.36 (KHTML, like Gecko) Chrome/122.0.6261.95 Safari/537.36"
::1 - - [12/Apr/2025:21:23:45 +0000] "GET /favicon.ico HTTP/1.1" 404 42 "-" "Mozilla/5.0 (Windows NT 10.0; Win64; x64) AppleWebKit/537.36 (KHTML, like Gecko) Chrome/122.0.6261.95 Safari/537.36"
::1 - - [12/Apr/2025:21:23:45 +0000] "GET /favicon.ico HTTP/1.1" 404 42 "-" "Mozilla/5.0 (Windows NT 10.0; Win64; x64) AppleWebKit/537.36 (KHTML, like Gecko) Chrome/122.0.6261.95 Safari/537.36"
::1 - - [12/Apr/2025:21:23:45 +0000] "GET /favicon.ico HTTP/1.1" 404 42 "-" "Mozilla/5.0 (Windows NT 10.0; Win64; x64) AppleWebKit/537.36 (KHTML, like Gecko) Chrome/122.0.6261.95 Safari/537.36"
::1 - - [12/Apr/2025:21:23:46 +0000] "GET /favicon.ico HTTP/1.1" 404 42 "-" "Mozilla/5.0 (Windows NT 10.0; Win64; x64) AppleWebKit/537.36 (KHTML, like Gecko) Chrome/122.0.6261.95 Safari/537.36"
::1 - - [12/Apr/2025:21:23:46 +0000] "GET /favicon.ico HTTP/1.1" 404 42 "-" "Mozilla/5.0 (Windows NT 10.0; Win64; x64) AppleWebKit/537.36 (KHTML, like Gecko) Chrome/122.0.6261.95 Safari/537.36"
::1 - - [12/Apr/2025:21:23:46 +0000] "GET /favicon.ico HTTP/1.1" 404 42 "-" "Mozilla/5.0 (Windows NT 10.0; Win64; x64) AppleWebKit/537.36 (KHTML, like Gecko) Chrome/122.0.6261.95 Safari/537.36"
::1 - - [12/Apr/2025:21:23:46 +0000] "GET /favicon.ico HTTP/1.1" 404 42 "-" "Mozilla/5.0 (Windows NT 10.0; Win64; x64) AppleWebKit/537.36 (KHTML, like Gecko) Chrome/122.0.6261.95 Safari/537.36"
::1 - - [12/Apr/2025:21:23:46 +0000] "GET /favicon.ico HTTP/1.1" 404 42 "-" "Mozilla/5.0 (Windows NT 10.0; Win64; x64) AppleWebKit/537.36 (KHTML, like Gecko) Chrome/122.0.6261.95 Safari/537.36"
::1 - - [12/Apr/2025:21:23:46 +0000] "GET /favicon.ico HTTP/1.1" 404 42 "-" "Mozilla/5.0 (Windows NT 10.0; Win64; x64) AppleWebKit/537.36 (KHTML, like Gecko) Chrome/122.0.6261.95 Safari/537.36"
::1 - - [12/Apr/2025:21:23:46 +0000] "GET /favicon.ico HTTP/1.1" 404 42 "-" "Mozilla/5.0 (Windows NT 10.0; Win64; x64) AppleWebKit/537.36 (KHTML, like Gecko) Chrome/122.0.6261.95 Safari/537.36"
::1 - - [12/Apr/2025:21:23:46 +0000] "GET /favicon.ico HTTP/1.1" 404 42 "-" "Mozilla/5.0 (Windows NT 10.0; Win64; x64) AppleWebKit/537.36 (KHTML, like Gecko) Chrome/122.0.6261.95 Safari/537.36"
::1 - - [12/Apr/2025:21:23:46 +0000] "GET /favicon.ico HTTP/1.1" 404 42 "-" "Mozilla/5.0 (Windows NT 10.0; Win64; x64) AppleWebKit/537.36 (KHTML, like Gecko) Chrome/122.0.6261.95 Safari/537.36"
::1 - - [12/Apr/2025:21:23:46 +0000] "GET /favicon.ico HTTP/1.1" 404 42 "-" "Mozilla/5.0 (Windows NT 10.0; Win64; x64) AppleWebKit/537.36 (KHTML, like Gecko) Chrome/122.0.6261.95 Safari/537.36"
::1 - - [12/Apr/2025:21:23:46 +0000] "GET /favicon.ico HTTP/1.1" 404 42 "-" "Mozilla/5.0 (Windows NT 10.0; Win64; x64) AppleWebKit/537.36 (KHTML, like Gecko) Chrome/122.0.6261.95 Safari/537.36"
::1 - - [12/Apr/2025:21:23:46 +0000] "GET /favicon.ico HTTP/1.1" 404 42 "-" "Mozilla/5.0 (Windows NT 10.0; Win64; x64) AppleWebKit/537.36 (KHTML, like Gecko) Chrome/122.0.6261.95 Safari/537.36"
::1 - - [12/Apr/2025:21:23:46 +0000] "GET /favicon.ico HTTP/1.1" 404 42 "-" "Mozilla/5.0 (Windows NT 10.0; Win64; x64) AppleWebKit/537.36 (KHTML, like Gecko) Chrome/122.0.6261.95 Safari/537.36"
::1 - - [12/Apr/2025:21:23:46 +0000] "GET /favicon.ico HTTP/1.1" 404 42 "-" "Mozilla/5.0 (Windows NT 10.0; Win64; x64) AppleWebKit/537.36 (KHTML, like Gecko) Chrome/122.0.6261.95 Safari/537.36"
::1 - - [12/Apr/2025:21:23:46 +0000] "GET /favicon.ico HTTP/1.1" 404 42 "-" "Mozilla/5.0 (Windows NT 10.0; Win64; x64) AppleWebKit/537.36 (KHTML, like Gecko) Chrome/122.0.6261.95 Safari/537.36"
::1 - - [12/Apr/2025:21:23:46 +0000] "GET /favicon.ico HTTP/1.1" 404 42 "-" "Mozilla/5.0 (Windows NT 10.0; Win64; x64) AppleWebKit/537.36 (KHTML, like Gecko) Chrome/122.0.6261.95 Safari/537.36"
::1 - - [12/Apr/2025:21:23:46 +0000] "GET /favicon.ico HTTP/1.1" 404 42 "-" "Mozilla/5.0 (Windows NT 10.0; Win64; x64) AppleWebKit/537.36 (KHTML, like Gecko) Chrome/122.0.6261.95 Safari/537.36"
::1 - - [12/Apr/2025:21:23:46 +0000] "GET /favicon.ico HTTP/1.1" 404 42 "-" "Mozilla/5.0 (Windows NT 10.0; Win64; x64) AppleWebKit/537.36 (KHTML, like Gecko) Chrome/122.0.6261.95 Safari/537.36"
::1 - - [12/Apr/2025:21:23:46 +0000] "GET /favicon.ico HTTP/1.1" 404 42 "-" "Mozilla/5.0 (Windows NT 10.0; Win64; x64) AppleWebKit/537.36 (KHTML, like Gecko) Chrome/122.0.6261.95 Safari/537.36"
::1 - - [12/Apr/2025:21:23:46 +0000] "GET /favicon.ico HTTP/1.1" 404 42 "-" "Mozilla/5.0 (Windows NT 10.0; Win64; x64) AppleWebKit/537.36 (KHTML, like Gecko) Chrome/122.0.6261.95 Safari/537.36"
::1 - - [12/Apr/2025:21:23:46 +0000] "GET /favicon.ico HTTP/1.1" 404 42 "-" "Mozilla/5.0 (Windows NT 10.0; Win64; x64) AppleWebKit/537.36 (KHTML, like Gecko) Chrome/122.0.6261.95 Safari/537.36"
::1 - - [12/Apr/2025:21:23:46 +0000] "GET /favicon.ico HTTP/1.1" 404 42 "-" "Mozilla/5.0 (Windows NT 10.0; Win64; x64) AppleWebKit/537.36 (KHTML, like Gecko) Chrome/122.0.6261.95 Safari/537.36"
::1 - - [12/Apr/2025:21:23:46 +0000] "GET /favicon.ico HTTP/1.1" 404 42 "-" "Mozilla/5.0 (Windows NT 10.0; Win64; x64) AppleWebKit/537.36 (KHTML, like Gecko) Chrome/122.0.6261.95 Safari/537.36"
::1 - - [12/Apr/2025:21:23:46 +0000] "GET /favicon.ico HTTP/1.1" 404 42 "-" "Mozilla/5.0 (Windows NT 10.0; Win64; x64) AppleWebKit/537.36 (KHTML, like Gecko) Chrome/122.0.6261.95 Safari/537.36"
::1 - - [12/Apr/2025:21:23:46 +0000] "GET /favicon.ico HTTP/1.1" 404 42 "-" "Mozilla/5.0 (Windows NT 10.0; Win64; x64) AppleWebKit/537.36 (KHTML, like Gecko) Chrome/122.0.6261.95 Safari/537.36"
::1 - - [12/Apr/2025:21:23:46 +0000] "GET /favicon.ico HTTP/1.1" 404 42 "-" "Mozilla/5.0 (Windows NT 10.0; Win64; x64) AppleWebKit/537.36 (KHTML, like Gecko) Chrome/122.0.6261.95 Safari/537.36"
::1 - - [12/Apr/2025:21:23:46 +0000] "GET /favicon.ico HTTP/1.1" 404 42 "-" "Mozilla/5.0 (Windows NT 10.0; Win64; x64) AppleWebKit/537.36 (KHTML, like Gecko) Chrome/122.0.6261.95 Safari/537.36"
::1 - - [12/Apr/2025:21:23:46 +0000] "GET /favicon.ico HTTP/1.1" 404 42 "-" "Mozilla/5.0 (Windows NT 10.0; Win64; x64) AppleWebKit/537.36 (KHTML, like Gecko) Chrome/122.0.6261.95 Safari/537.36"
::1 - - [12/Apr/2025:21:23:46 +0000] "GET /favicon.ico HTTP/1.1" 404 42 "-" "Mozilla/5.0 (Windows NT 10.0; Win64; x64) AppleWebKit/537.36 (KHTML, like Gecko) Chrome/122.0.6261.95 Safari/537.36"
::1 - - [12/Apr/2025:21:23:46 +0000] "GET /favicon.ico HTTP/1.1" 404 42 "-" "Mozilla/5.0 (Windows NT 10.0; Win64; x64) AppleWebKit/537.36 (KHTML, like Gecko) Chrome/122.0.6261.95 Safari/537.36"
::1 - - [12/Apr/2025:21:23:46 +0000] "GET /favicon.ico HTTP/1.1" 404 42 "-" "Mozilla/5.0 (Windows NT 10.0; Win64; x64) AppleWebKit/537.36 (KHTML, like Gecko) Chrome/122.0.6261.95 Safari/537.36"
::1 - - [12/Apr/2025:21:23:46 +0000] "GET /favicon.ico HTTP/1.1" 404 42 "-" "Mozilla/5.0 (Windows NT 10.0; Win64; x64) AppleWebKit/537.36 (KHTML, like Gecko) Chrome/122.0.6261.95 Safari/537.36"
::1 - - [12/Apr/2025:21:23:46 +0000] "GET /favicon.ico HTTP/1.1" 404 42 "-" "Mozilla/5.0 (Windows NT 10.0; Win64; x64) AppleWebKit/537.36 (KHTML, like Gecko) Chrome/122.0.6261.95 Safari/537.36"
::1 - - [12/Apr/2025:21:23:46 +0000] "GET /favicon.ico HTTP/1.1" 404 42 "-" "Mozilla/5.0 (Windows NT 10.0; Win64; x64) AppleWebKit/537.36 (KHTML, like Gecko) Chrome/122.0.6261.95 Safari/537.36"
::1 - - [12/Apr/2025:21:23:46 +0000] "GET /favicon.ico HTTP/1.1" 404 42 "-" "Mozilla/5.0 (Windows NT 10.0; Win64; x64) AppleWebKit/537.36 (KHTML, like Gecko) Chrome/122.0.6261.95 Safari/537.36"
::1 - - [12/Apr/2025:21:23:46 +0000] "GET /favicon.ico HTTP/1.1" 404 42 "-" "Mozilla/5.0 (Windows NT 10.0; Win64; x64) AppleWebKit/537.36 (KHTML, like Gecko) Chrome/122.0.6261.95 Safari/537.36"
::1 - - [12/Apr/2025:21:23:46 +0000] "GET /favicon.ico HTTP/1.1" 404 42 "-" "Mozilla/5.0 (Windows NT 10.0; Win64; x64) AppleWebKit/537.36 (KHTML, like Gecko) Chrome/122.0.6261.95 Safari/537.36"
::1 - - [12/Apr/2025:21:23:46 +0000] "GET /favicon.ico HTTP/1.1" 404 42 "-" "Mozilla/5.0 (Windows NT 10.0; Win64; x64) AppleWebKit/537.36 (KHTML, like Gecko) Chrome/122.0.6261.95 Safari/537.36"
::1 - - [12/Apr/2025:21:23:46 +0000] "GET /favicon.ico HTTP/1.1" 404 42 "-" "Mozilla/5.0 (Windows NT 10.0; Win64; x64) AppleWebKit/537.36 (KHTML, like Gecko) Chrome/122.0.6261.95 Safari/537.36"
::1 - - [13/Apr/2025:16:37:33 +0000] "POST /user/register HTTP/1.1" 404 42 "-" "PostmanRuntime/7.43.3"
::1 - - [13/Apr/2025:16:39:08 +0000] "POST /user/register HTTP/1.1" 500 - "-" "PostmanRuntime/7.43.3"
::1 - - [13/Apr/2025:17:25:41 +0000] "POST /user/register HTTP/1.1" 500 123 "-" "PostmanRuntime/7.43.3"
::1 - - [13/Apr/2025:17:26:03 +0000] "POST /user/register HTTP/1.1" 500 - "-" "PostmanRuntime/7.43.3"
::1 - - [13/Apr/2025:17:26:18 +0000] "POST /user/login HTTP/1.1" 401 19 "-" "PostmanRuntime/7.43.3"
::1 - - [13/Apr/2025:17:26:49 +0000] "POST /user/login HTTP/1.1" 401 19 "-" "PostmanRuntime/7.43.3"
::1 - - [13/Apr/2025:17:26:51 +0000] "POST /user/login HTTP/1.1" 401 19 "-" "PostmanRuntime/7.43.3"
::1 - - [13/Apr/2025:17:27:48 +0000] "POST /user/login HTTP/1.1" 401 19 "-" "PostmanRuntime/7.43.3"
::1 - - [13/Apr/2025:17:27:50 +0000] "POST /user/login HTTP/1.1" 401 19 "-" "PostmanRuntime/7.43.3"
::1 - - [13/Apr/2025:17:28:28 +0000] "POST /user/register HTTP/1.1" 500 66 "-" "PostmanRuntime/7.43.3"
::1 - - [13/Apr/2025:17:29:08 +0000] "POST /user/register HTTP/1.1" 500 66 "-" "PostmanRuntime/7.43.3"
::1 - - [13/Apr/2025:17:29:17 +0000] "POST /user/register HTTP/1.1" 500 66 "-" "PostmanRuntime/7.43.3"
::1 - - [13/Apr/2025:17:29:18 +0000] "POST /user/register HTTP/1.1" 500 66 "-" "PostmanRuntime/7.43.3"
::1 - - [13/Apr/2025:17:29:22 +0000] "POST /user/register HTTP/1.1" 500 66 "-" "PostmanRuntime/7.43.3"
::1 - - [13/Apr/2025:17:29:29 +0000] "POST /user/register HTTP/1.1" 500 66 "-" "PostmanRuntime/7.43.3"
::1 - - [13/Apr/2025:17:29:42 +0000] "POST /user/register HTTP/1.1" 500 119 "-" "PostmanRuntime/7.43.3"
::1 - - [13/Apr/2025:17:29:58 +0000] "POST /user/register HTTP/1.1" 500 - "-" "PostmanRuntime/7.43.3"
::1 - - [13/Apr/2025:17:30:36 +0000] "POST /user/login HTTP/1.1" 500 39 "-" "PostmanRuntime/7.43.3"
::1 - - [13/Apr/2025:17:30:46 +0000] "POST /user/login HTTP/1.1" 500 39 "-" "PostmanRuntime/7.43.3"
::1 - - [13/Apr/2025:17:33:20 +0000] "POST /user/login HTTP/1.1" 400 16 "-" "PostmanRuntime/7.43.3"
::1 - - [13/Apr/2025:17:33:30 +0000] "POST /user/register HTTP/1.1" 200 236 "-" "PostmanRuntime/7.43.3"
::1 - - [13/Apr/2025:17:33:59 +0000] "POST /user/login HTTP/1.1" 500 39 "-" "PostmanRuntime/7.43.3"
::1 - - [13/Apr/2025:17:36:58 +0000] "POST /user/login HTTP/1.1" 200 113 "-" "PostmanRuntime/7.43.3"
::1 - - [13/Apr/2025:17:54:25 +0000] "POST /user/login HTTP/1.1" 500 30 "-" "PostmanRuntime/7.43.3"
::1 - - [13/Apr/2025:17:58:26 +0000] "POST /user/login HTTP/1.1" 500 39 "-" "PostmanRuntime/7.43.3"
::1 - - [13/Apr/2025:17:58:34 +0000] "POST /user/login HTTP/1.1" 500 39 "-" "PostmanRuntime/7.43.3"
::1 - - [13/Apr/2025:17:59:13 +0000] "POST /user/login HTTP/1.1" 200 295 "-" "PostmanRuntime/7.43.3"
::1 - - [13/Apr/2025:19:34:43 +0000] "POST /user/login HTTP/1.1" 404 42 "-" "PostmanRuntime/7.43.3"
::1 - - [13/Apr/2025:19:38:32 +0000] "POST /user/register HTTP/1.1" 404 42 "-" "PostmanRuntime/7.43.3"
::1 - - [13/Apr/2025:19:38:40 +0000] "POST /user HTTP/1.1" 404 42 "-" "PostmanRuntime/7.43.3"
::1 - - [13/Apr/2025:19:38:46 +0000] "GET /user HTTP/1.1" 200 1857 "-" "PostmanRuntime/7.43.3"
::1 - - [13/Apr/2025:19:38:58 +0000] "GET /user/67fa806f1411a11ffcebca47 HTTP/1.1" 200 170 "-" "PostmanRuntime/7.43.3"
::1 - - [13/Apr/2025:19:40:13 +0000] "GET /auth/login HTTP/1.1" 500 104 "-" "PostmanRuntime/7.43.3"
::1 - - [13/Apr/2025:19:41:03 +0000] "GET /auth/register HTTP/1.1" 500 107 "-" "PostmanRuntime/7.43.3"
::1 - - [13/Apr/2025:19:44:20 +0000] "GET /auth/register HTTP/1.1" 404 42 "-" "PostmanRuntime/7.43.3"
::1 - - [13/Apr/2025:19:44:53 +0000] "POST /auth/register HTTP/1.1" 200 239 "-" "PostmanRuntime/7.43.3"
::1 - - [13/Apr/2025:19:45:06 +0000] "POST /auth/login HTTP/1.1" 403 12 "-" "PostmanRuntime/7.43.3"
::1 - - [13/Apr/2025:19:47:49 +0000] "POST /auth/login HTTP/1.1" 403 12 "-" "PostmanRuntime/7.43.3"
::1 - - [13/Apr/2025:20:00:10 +0000] "POST /auth/login HTTP/1.1" 403 12 "-" "PostmanRuntime/7.43.3"
::1 - - [13/Apr/2025:20:05:23 +0000] "POST /auth/login HTTP/1.1" 403 12 "-" "PostmanRuntime/7.43.3"
::1 - - [13/Apr/2025:20:10:21 +0000] "POST /auth/login HTTP/1.1" 403 12 "-" "PostmanRuntime/7.43.3"
::1 - - [13/Apr/2025:20:11:19 +0000] "POST /auth/login HTTP/1.1" 403 13 "-" "PostmanRuntime/7.43.3"
::1 - - [13/Apr/2025:20:16:49 +0000] "POST /auth/register HTTP/1.1" 200 236 "-" "PostmanRuntime/7.43.3"
::1 - - [13/Apr/2025:20:20:15 +0000] "POST /auth/login HTTP/1.1" 403 13 "-" "PostmanRuntime/7.43.3"
::1 - - [13/Apr/2025:20:21:32 +0000] "POST /auth/login HTTP/1.1" 401 25 "-" "PostmanRuntime/7.43.3"
::1 - - [13/Apr/2025:20:21:39 +0000] "POST /auth/login HTTP/1.1" 401 25 "-" "PostmanRuntime/7.43.3"
::1 - - [13/Apr/2025:20:22:30 +0000] "POST /auth/register HTTP/1.1" 200 235 "-" "PostmanRuntime/7.43.3"
::1 - - [13/Apr/2025:20:22:44 +0000] "POST /auth/login HTTP/1.1" 401 25 "-" "PostmanRuntime/7.43.3"
::1 - - [13/Apr/2025:20:26:33 +0000] "POST /auth/login HTTP/1.1" 403 13 "-" "PostmanRuntime/7.43.3"
::1 - - [13/Apr/2025:20:26:52 +0000] "POST /auth/login HTTP/1.1" 401 25 "-" "PostmanRuntime/7.43.3"
::1 - - [13/Apr/2025:20:27:26 +0000] "POST /auth/login HTTP/1.1" 403 13 "-" "PostmanRuntime/7.43.3"
::1 - - [13/Apr/2025:20:28:14 +0000] "POST /auth/login HTTP/1.1" 403 13 "-" "PostmanRuntime/7.43.3"
::1 - - [13/Apr/2025:20:33:57 +0000] "POST /auth/login HTTP/1.1" 200 330 "-" "PostmanRuntime/7.43.3"
::1 - - [13/Apr/2025:20:55:19 +0000] "POST /auth/profile HTTP/1.1" 403 13 "-" "PostmanRuntime/7.43.3"
::1 - - [13/Apr/2025:20:55:28 +0000] "POST /auth/login HTTP/1.1" 200 330 "-" "PostmanRuntime/7.43.3"
::1 - - [13/Apr/2025:20:55:38 +0000] "POST /auth/login/profile HTTP/1.1" 404 42 "-" "PostmanRuntime/7.43.3"
::1 - - [13/Apr/2025:20:56:47 +0000] "POST /auth/login HTTP/1.1" 200 330 "-" "PostmanRuntime/7.43.3"
::1 - - [13/Apr/2025:20:57:08 +0000] "POST /auth/profile HTTP/1.1" 403 13 "-" "PostmanRuntime/7.43.3"
::1 - - [13/Apr/2025:20:57:14 +0000] "POST /auth/eyJhbGciOiJIUzI1NiIsInR5cCI6IkpXVCJ9.eyJpZCI6IjY3ZmMxZDA2MTc1OTMzNjFjMDRmZTU1NiIsImVtYWlsIjoiZHJhYmRvQGdtYWlsLmNvbSIsImlhdCI6MTc0NDU3NzgwNywiZXhwIjoxNzQ0NTgxNDA3fQ.khhm_MU3JvWCQu4xwsVuFiG2kqVvWZJD64qN0kF3vvo HTTP/1.1" 404 42 "-" "PostmanRuntime/7.43.3"
::1 - - [13/Apr/2025:20:59:08 +0000] "POST /auth/login HTTP/1.1" 200 330 "-" "PostmanRuntime/7.43.3"
::1 - - [13/Apr/2025:20:59:13 +0000] "POST /auth/profile HTTP/1.1" 404 42 "-" "PostmanRuntime/7.43.3"
::1 - - [13/Apr/2025:20:59:26 +0000] "GET /auth/profile HTTP/1.1" 403 13 "-" "PostmanRuntime/7.43.3"
::1 - - [13/Apr/2025:20:59:43 +0000] "POST /auth/login HTTP/1.1" 200 330 "-" "PostmanRuntime/7.43.3"
::1 - - [13/Apr/2025:20:59:50 +0000] "GET /auth/profile HTTP/1.1" 403 13 "-" "PostmanRuntime/7.43.3"
::1 - - [13/Apr/2025:21:00:28 +0000] "GET /auth/profile HTTP/1.1" 403 13 "-" "PostmanRuntime/7.43.3"
::1 - - [13/Apr/2025:21:03:01 +0000] "GET /auth/login HTTP/1.1" 404 42 "-" "PostmanRuntime/7.43.3"
::1 - - [13/Apr/2025:21:03:03 +0000] "GET /auth/login HTTP/1.1" 404 42 "-" "PostmanRuntime/7.43.3"
::1 - - [13/Apr/2025:21:03:21 +0000] "POST /auth/login HTTP/1.1" 200 330 "-" "PostmanRuntime/7.43.3"
::1 - - [13/Apr/2025:21:03:51 +0000] "GET /auth/profile HTTP/1.1" 200 74 "-" "PostmanRuntime/7.43.3"
::1 - - [13/Apr/2025:21:21:50 +0000] "GET /auth/profile HTTP/1.1" 200 43 "-" "PostmanRuntime/7.43.3"
::1 - - [13/Apr/2025:21:23:11 +0000] "GET /user/'67fa846899f2c03c8ad1eb91 HTTP/1.1" 500 124 "-" "PostmanRuntime/7.43.3"
::1 - - [13/Apr/2025:21:23:14 +0000] "GET /user/67fa846899f2c03c8ad1eb91 HTTP/1.1" 200 176 "-" "PostmanRuntime/7.43.3"
::1 - - [13/Apr/2025:21:24:23 +0000] "GET /posts HTTP/1.1" 404 42 "-" "PostmanRuntime/7.43.3"
::1 - - [13/Apr/2025:21:25:03 +0000] "GET /api/posts HTTP/1.1" 200 1085 "-" "PostmanRuntime/7.43.3"
::1 - - [13/Apr/2025:21:25:29 +0000] "POST /api/posts HTTP/1.1" 500 517 "-" "PostmanRuntime/7.43.3"
::1 - - [13/Apr/2025:21:26:53 +0000] "POST /api/posts HTTP/1.1" 500 - "-" "PostmanRuntime/7.43.3"
::1 - - [13/Apr/2025:21:27:32 +0000] "POST /auth/profile HTTP/1.1" 404 42 "-" "PostmanRuntime/7.43.3"
::1 - - [13/Apr/2025:21:28:27 +0000] "POST /auth/profile HTTP/1.1" 404 42 "-" "PostmanRuntime/7.43.3"
::1 - - [13/Apr/2025:21:28:32 +0000] "POST /auth/profile HTTP/1.1" 404 42 "-" "PostmanRuntime/7.43.3"
::1 - - [13/Apr/2025:21:28:40 +0000] "GET /auth/profile HTTP/1.1" 200 43 "-" "PostmanRuntime/7.43.3"
::1 - - [13/Apr/2025:21:30:53 +0000] "GET /auth/login HTTP/1.1" 404 42 "-" "PostmanRuntime/7.43.3"
::1 - - [13/Apr/2025:21:30:57 +0000] "POST /auth/login HTTP/1.1" 200 330 "-" "PostmanRuntime/7.43.3"
::1 - - [13/Apr/2025:21:31:25 +0000] "GET /auth/profile HTTP/1.1" 200 43 "-" "PostmanRuntime/7.43.3"
::1 - - [13/Apr/2025:21:31:52 +0000] "GET /auth/profile HTTP/1.1" 200 43 "-" "PostmanRuntime/7.43.3"
::1 - - [13/Apr/2025:21:31:55 +0000] "GET /auth/profile HTTP/1.1" 200 43 "-" "PostmanRuntime/7.43.3"
::1 - - [13/Apr/2025:21:32:23 +0000] "GET /auth/profile HTTP/1.1" 200 318 "-" "PostmanRuntime/7.43.3"
::1 - - [13/Apr/2025:21:43:21 +0000] "POST /login HTTP/1.1" 404 42 "-" "PostmanRuntime/7.43.3"
::1 - - [13/Apr/2025:21:43:30 +0000] "POST /auth/login HTTP/1.1" 200 330 "-" "PostmanRuntime/7.43.3"
::1 - - [13/Apr/2025:21:43:39 +0000] "POST /auth/login HTTP/1.1" 400 66 "-" "PostmanRuntime/7.43.3"
::1 - - [13/Apr/2025:21:43:52 +0000] "POST /auth/login HTTP/1.1" 401 19 "-" "PostmanRuntime/7.43.3"
::1 - - [13/Apr/2025:21:49:46 +0000] "POST /auth/login HTTP/1.1" 400 35 "-" "PostmanRuntime/7.43.3"
::1 - - [13/Apr/2025:21:49:55 +0000] "POST /auth/register HTTP/1.1" 400 62 "-" "PostmanRuntime/7.43.3"
::1 - - [13/Apr/2025:21:50:13 +0000] "POST /auth/register HTTP/1.1" 400 43 "-" "PostmanRuntime/7.43.3"
::1 - - [13/Apr/2025:21:50:24 +0000] "POST /auth/register HTTP/1.1" 200 235 "-" "PostmanRuntime/7.43.3"
::1 - - [13/Apr/2025:23:59:57 +0000] "POST /api/post HTTP/1.1" 404 42 "-" "PostmanRuntime/7.43.3"
::1 - - [14/Apr/2025:00:00:05 +0000] "POST /api/posts HTTP/1.1" 400 33 "-" "PostmanRuntime/7.43.3"
::1 - - [14/Apr/2025:00:01:18 +0000] "POST /user HTTP/1.1" 404 42 "-" "PostmanRuntime/7.43.3"
::1 - - [14/Apr/2025:00:02:12 +0000] "POST /user/register HTTP/1.1" 404 42 "-" "PostmanRuntime/7.43.3"
::1 - - [14/Apr/2025:00:02:46 +0000] "POST /auth/register HTTP/1.1" 200 239 "-" "PostmanRuntime/7.43.3"
::1 - - [14/Apr/2025:00:09:27 +0000] "POST /auth/register HTTP/1.1" 500 34 "-" "PostmanRuntime/7.43.3"
::1 - - [14/Apr/2025:00:09:56 +0000] "POST /auth/register HTTP/1.1" 500 121 "-" "PostmanRuntime/7.43.3"
::1 - - [14/Apr/2025:00:19:43 +0000] "POST /api/posts HTTP/1.1" 400 39 "-" "PostmanRuntime/7.43.3"
::1 - - [14/Apr/2025:00:25:01 +0000] "POST /api/posts HTTP/1.1" 500 58 "-" "PostmanRuntime/7.43.3"
::1 - - [14/Apr/2025:00:27:55 +0000] "POST /api/posts HTTP/1.1" 500 81 "-" "PostmanRuntime/7.43.3"
::1 - - [14/Apr/2025:00:29:41 +0000] "POST /api/posts HTTP/1.1" 500 58 "-" "PostmanRuntime/7.43.3"
::1 - - [14/Apr/2025:00:30:44 +0000] "POST /api/posts HTTP/1.1" 500 - "-" "PostmanRuntime/7.43.3"
::1 - - [14/Apr/2025:00:31:33 +0000] "POST /api/posts HTTP/1.1" 500 - "-" "PostmanRuntime/7.43.3"
::1 - - [14/Apr/2025:00:35:51 +0000] "POST /api/posts HTTP/1.1" 200 295 "-" "PostmanRuntime/7.43.3"
::1 - - [14/Apr/2025:11:31:23 +0000] "POST /amin-only HTTP/1.1" 404 42 "-" "PostmanRuntime/7.43.3"
::1 - - [14/Apr/2025:11:31:39 +0000] "POST /api/posts/amin-only HTTP/1.1" 404 42 "-" "PostmanRuntime/7.43.3"
::1 - - [14/Apr/2025:11:32:24 +0000] "POST /api/posts/admin-only HTTP/1.1" 404 42 "-" "PostmanRuntime/7.43.3"
::1 - - [14/Apr/2025:11:32:33 +0000] "POST /api/posts/admin-only HTTP/1.1" 404 42 "-" "PostmanRuntime/7.43.3"
::1 - - [14/Apr/2025:11:32:40 +0000] "POST /api/posts/admin-only HTTP/1.1" 404 42 "-" "PostmanRuntime/7.43.3"
::1 - - [14/Apr/2025:11:33:16 +0000] "GET /api/posts/admin-only HTTP/1.1" 500 136 "-" "PostmanRuntime/7.43.3"
::1 - - [14/Apr/2025:11:35:05 +0000] "GET /api/posts/admin-only HTTP/1.1" 401 25 "-" "PostmanRuntime/7.43.3"
::1 - - [14/Apr/2025:11:37:05 +0000] "POST /user HTTP/1.1" 404 42 "-" "PostmanRuntime/7.43.3"
::1 - - [14/Apr/2025:11:37:54 +0000] "POST /user/register HTTP/1.1" 404 42 "-" "PostmanRuntime/7.43.3"
::1 - - [14/Apr/2025:11:38:15 +0000] "POST /auth/register HTTP/1.1" 400 41 "-" "PostmanRuntime/7.43.3"
::1 - - [14/Apr/2025:11:38:26 +0000] "POST /auth/register HTTP/1.1" 400 35 "-" "PostmanRuntime/7.43.3"
::1 - - [14/Apr/2025:11:38:38 +0000] "POST /auth/register HTTP/1.1" 400 35 "-" "PostmanRuntime/7.43.3"
::1 - - [14/Apr/2025:11:40:42 +0000] "POST /auth/register HTTP/1.1" 200 257 "-" "PostmanRuntime/7.43.3"
::1 - - [14/Apr/2025:11:42:10 +0000] "POST /auth/login HTTP/1.1" 200 339 "-" "PostmanRuntime/7.43.3"
::1 - - [14/Apr/2025:11:43:23 +0000] "GET /api/posts/admin-only HTTP/1.1" 403 44 "-" "PostmanRuntime/7.43.3"
::1 - - [14/Apr/2025:11:43:43 +0000] "GET /api/posts/admin-only HTTP/1.1" 403 44 "-" "PostmanRuntime/7.43.3"
::1 - - [14/Apr/2025:11:45:27 +0000] "GET /api/posts/admin-only HTTP/1.1" 403 44 "-" "PostmanRuntime/7.43.3"
::1 - - [14/Apr/2025:11:48:08 +0000] "GET /api/posts/admin-only HTTP/1.1" 500 135 "-" "PostmanRuntime/7.43.3"
::1 - - [14/Apr/2025:11:48:42 +0000] "GET /api/posts/admin-only HTTP/1.1" 403 44 "-" "PostmanRuntime/7.43.3"
::1 - - [14/Apr/2025:11:58:39 +0000] "GET /api/posts/admin-only HTTP/1.1" 200 1085 "-" "PostmanRuntime/7.43.3"
::1 - - [14/Apr/2025:12:01:44 +0000] "GET /api/posts/admin-only HTTP/1.1" 403 44 "-" "PostmanRuntime/7.43.3"
::1 - - [14/Apr/2025:12:02:10 +0000] "POST /auth/register HTTP/1.1" 200 240 "-" "PostmanRuntime/7.43.3"
::1 - - [14/Apr/2025:12:03:05 +0000] "POST /auth/login HTTP/1.1" 200 332 "-" "PostmanRuntime/7.43.3"
::1 - - [14/Apr/2025:12:03:46 +0000] "GET /api/posts/admin-only HTTP/1.1" 403 44 "-" "PostmanRuntime/7.43.3"
::1 - - [14/Apr/2025:12:06:55 +0000] "GET /auth/register HTTP/1.1" 404 42 "-" "PostmanRuntime/7.43.3"
::1 - - [14/Apr/2025:12:12:21 +0000] "GET /auth/register HTTP/1.1" 404 42 "-" "PostmanRuntime/7.43.3"
::1 - - [14/Apr/2025:12:14:54 +0000] "POST /auth/register HTTP/1.1" 200 256 "-" "PostmanRuntime/7.43.3"
::1 - - [14/Apr/2025:12:15:28 +0000] "POST /auth/login HTTP/1.1" 200 334 "-" "PostmanRuntime/7.43.3"
::1 - - [14/Apr/2025:12:16:13 +0000] "GET /api/posts/admin-only HTTP/1.1" 200 1085 "-" "PostmanRuntime/7.43.3"
::1 - - [14/Apr/2025:12:18:04 +0000] "GET /api/posts/admin-only HTTP/1.1" 200 2009 "-" "PostmanRuntime/7.43.3"
::1 - - [14/Apr/2025:12:30:27 +0000] "DELETE /api/posts/67fa895564f7c0533772f1b2 HTTP/1.1" 500 95 "-" "PostmanRuntime/7.43.3"
::1 - - [14/Apr/2025:12:31:30 +0000] "DELETE /api/posts/67fa895564f7c0533772f1b2 HTTP/1.1" 500 95 "-" "PostmanRuntime/7.43.3"
::1 - - [14/Apr/2025:12:32:48 +0000] "DELETE /api/posts/67fa895564f7c0533772f1b2 HTTP/1.1" 403 44 "-" "PostmanRuntime/7.43.3"
::1 - - [14/Apr/2025:12:36:43 +0000] "DELETE /api/posts/67fa895564f7c0533772f1b2 HTTP/1.1" 403 44 "-" "PostmanRuntime/7.43.3"
::1 - - [14/Apr/2025:12:37:22 +0000] "DELETE /api/posts/67fa895564f7c0533772f1b2 HTTP/1.1" 401 25 "-" "PostmanRuntime/7.43.3"
::1 - - [14/Apr/2025:12:38:18 +0000] "DELETE /auth/login HTTP/1.1" 404 42 "-" "PostmanRuntime/7.43.3"
::1 - - [14/Apr/2025:12:38:21 +0000] "GET /auth/login HTTP/1.1" 404 42 "-" "PostmanRuntime/7.43.3"
::1 - - [14/Apr/2025:12:38:23 +0000] "GET /auth/login HTTP/1.1" 404 42 "-" "PostmanRuntime/7.43.3"
::1 - - [14/Apr/2025:12:38:45 +0000] "GET /auth/ HTTP/1.1" 404 42 "-" "PostmanRuntime/7.43.3"
::1 - - [14/Apr/2025:12:38:54 +0000] "POST /auth/ HTTP/1.1" 404 42 "-" "PostmanRuntime/7.43.3"
::1 - - [14/Apr/2025:12:38:56 +0000] "POST /auth/ HTTP/1.1" 404 42 "-" "PostmanRuntime/7.43.3"
::1 - - [14/Apr/2025:12:39:00 +0000] "POST /auth/login HTTP/1.1" 200 334 "-" "PostmanRuntime/7.43.3"
::1 - - [14/Apr/2025:12:39:57 +0000] "POST /api/posts/67fc572aec03156a49d59ed5 HTTP/1.1" 404 42 "-" "PostmanRuntime/7.43.3"
::1 - - [14/Apr/2025:12:40:05 +0000] "DELETE /api/posts/67fc572aec03156a49d59ed5 HTTP/1.1" 401 25 "-" "PostmanRuntime/7.43.3"
::1 - - [14/Apr/2025:12:43:28 +0000] "DELETE /api/posts/67fc572aec03156a49d59ed5 HTTP/1.1" 403 44 "-" "PostmanRuntime/7.43.3"
::1 - - [14/Apr/2025:12:46:07 +0000] "DELETE /api/posts/67fc572aec03156a49d59ed5 HTTP/1.1" 500 58 "-" "PostmanRuntime/7.43.3"
::1 - - [14/Apr/2025:12:47:31 +0000] "DELETE /api/posts/67fc572aec03156a49d59ed5 HTTP/1.1" 403 44 "-" "PostmanRuntime/7.43.3"
::1 - - [14/Apr/2025:12:48:27 +0000] "DELETE /api/posts/67fc572aec03156a49d59ed5 HTTP/1.1" 403 44 "-" "PostmanRuntime/7.43.3"
::1 - - [14/Apr/2025:12:52:58 +0000] "DELETE /api/posts/67fc572aec03156a49d59ed5 HTTP/1.1" 403 46 "-" "PostmanRuntime/7.43.3"
::1 - - [14/Apr/2025:13:06:35 +0000] "DELETE /api/posts/67fc572aec03156a49d59ed5 HTTP/1.1" 403 46 "-" "PostmanRuntime/7.43.3"
::1 - - [14/Apr/2025:13:07:21 +0000] "DELETE /api/posts/67fc572aec03156a49d59ed5 HTTP/1.1" 403 46 "-" "PostmanRuntime/7.43.3"
::1 - - [14/Apr/2025:13:11:44 +0000] "DELETE /api/posts/67fc572aec03156a49d59ed5 HTTP/1.1" 403 46 "-" "PostmanRuntime/7.43.3"
::1 - - [14/Apr/2025:13:12:02 +0000] "DELETE /api/posts/67fc572aec03156a49d59ed5 HTTP/1.1" 403 46 "-" "PostmanRuntime/7.43.3"
::1 - - [14/Apr/2025:13:15:27 +0000] "DELETE /api/posts/67fc572aec03156a49d59ed5 HTTP/1.1" 403 46 "-" "PostmanRuntime/7.43.3"
::1 - - [14/Apr/2025:13:17:55 +0000] "DELETE /api/posts/67fc572aec03156a49d59ed5 HTTP/1.1" 403 46 "-" "PostmanRuntime/7.43.3"
::1 - - [14/Apr/2025:13:19:22 +0000] "DELETE /api/posts/67fc572aec03156a49d59ed5 HTTP/1.1" 403 46 "-" "PostmanRuntime/7.43.3"
::1 - - [14/Apr/2025:13:22:39 +0000] "POST /api/auth/register HTTP/1.1" 404 42 "-" "PostmanRuntime/7.43.3"
::1 - - [14/Apr/2025:13:22:45 +0000] "POST /auth/register HTTP/1.1" 400 62 "-" "PostmanRuntime/7.43.3"
::1 - - [14/Apr/2025:13:23:11 +0000] "POST /auth/register HTTP/1.1" 200 254 "-" "PostmanRuntime/7.43.3"
::1 - - [14/Apr/2025:13:23:37 +0000] "POST /auth/login HTTP/1.1" 200 351 "-" "PostmanRuntime/7.43.3"
::1 - - [14/Apr/2025:13:24:29 +0000] "DELETE /api/posts/67fc572aec03156a49d59ed5 HTTP/1.1" 200 39 "-" "PostmanRuntime/7.43.3"
